 Container apex-autonomous-spark-worker Stopping 
 Container apex-autonomous-clickhouse Stopping 
 Container apex-autonomous-spark-worker Stopped 
 Container apex-autonomous-spark-worker Removing 
 Container apex-autonomous-spark-worker Removed 
 Container apex-autonomous-spark-master Stopping 
 Container apex-autonomous-spark-master Stopped 
 Container apex-autonomous-spark-master Removing 
 Container apex-autonomous-spark-master Removed 
 Container apex-autonomous-minio-init Stopping 
 Container apex-autonomous-minio-init Stopped 
 Container apex-autonomous-minio-init Removing 
 Container apex-autonomous-minio-init Removed 
 Container apex-autonomous-minio Stopping 
 Container apex-autonomous-minio Stopped 
 Container apex-autonomous-minio Removing 
 Container apex-autonomous-clickhouse Stopped 
 Container apex-autonomous-clickhouse Removing 
 Container apex-autonomous-minio Removed 
 Container apex-autonomous-clickhouse Removed 
 Network apex-autonomous_default Removing 
 Network apex-autonomous_default Removed 
