 Image apex-autonomous-spark:4.1.2-s3a Building 
#1 [internal] load local bake definitions
#1 reading from stdin 651B 1.3s done
#1 DONE 1.3s

#2 [internal] load build definition from Dockerfile
#2 transferring dockerfile:
#2 transferring dockerfile: 253B 1.4s done
#2 DONE 2.3s

#3 [internal] load metadata for docker.io/library/spark-plat-v0-spark:4.1.2
#3 DONE 5.2s

#4 [internal] load .dockerignore
#4 transferring context:
#4 transferring context: 2B 0.5s done
#4 DONE 0.8s

#5 [internal] load build context
#5 DONE 0.0s

#6 [1/3] FROM docker.io/library/spark-plat-v0-spark:4.1.2@sha256:7228e032dffecb75d50bc393e52cd234bc105e8c8243f1e4b478e3026570ee79
#6 resolve docker.io/library/spark-plat-v0-spark:4.1.2@sha256:7228e032dffecb75d50bc393e52cd234bc105e8c8243f1e4b478e3026570ee79
#6 resolve docker.io/library/spark-plat-v0-spark:4.1.2@sha256:7228e032dffecb75d50bc393e52cd234bc105e8c8243f1e4b478e3026570ee79 0.5s done
#6 DONE 0.6s

#5 [internal] load build context
#5 transferring context: 171B 0.4s done
#5 ...

#6 [1/3] FROM docker.io/library/spark-plat-v0-spark:4.1.2@sha256:7228e032dffecb75d50bc393e52cd234bc105e8c8243f1e4b478e3026570ee79
#6 CACHED

#5 [internal] load build context
#5 DONE 0.8s

#7 [2/3] RUN mkdir -p /opt/apex/listener
#7 DONE 14.7s

#8 [3/3] COPY docker/autonomous/spark/spark-defaults.conf /opt/spark/conf/spark-defaults.conf
#8 DONE 1.3s

#9 exporting to image
#9 exporting layers
#9 exporting layers 4.4s done
#9 exporting manifest sha256:abf12891024ccb0d0110e35e9aa831db9c3222ab28549c7f91549cd091e62653
#9 exporting manifest sha256:abf12891024ccb0d0110e35e9aa831db9c3222ab28549c7f91549cd091e62653 0.9s done
#9 exporting config sha256:e4673aeca0a1be21b809ea47c06ec7586d1bdd9bb840c700cce2a5247c31a21e
#9 exporting config sha256:e4673aeca0a1be21b809ea47c06ec7586d1bdd9bb840c700cce2a5247c31a21e 0.7s done
#9 exporting attestation manifest sha256:8c87fd3c19bf032278aacabd4ed26e85cf8f037a0da7a3b3ba0893ec4575b2f8
#9 exporting attestation manifest sha256:8c87fd3c19bf032278aacabd4ed26e85cf8f037a0da7a3b3ba0893ec4575b2f8 1.4s done
#9 exporting manifest list sha256:4f82646dba7e7a76993ec4bd98a75f96ce0d438579a02c206bcd28a5c9df1458
#9 exporting manifest list sha256:4f82646dba7e7a76993ec4bd98a75f96ce0d438579a02c206bcd28a5c9df1458 0.6s done
#9 naming to docker.io/library/apex-autonomous-spark:4.1.2-s3a
#9 naming to docker.io/library/apex-autonomous-spark:4.1.2-s3a 0.4s done
#9 unpacking to docker.io/library/apex-autonomous-spark:4.1.2-s3a
#9 unpacking to docker.io/library/apex-autonomous-spark:4.1.2-s3a 2.5s done
#9 DONE 12.4s

#10 resolving provenance for metadata file
#10 DONE 1.8s
 Image apex-autonomous-spark:4.1.2-s3a Built
