 Network apex-autonomous_default Creating 
 Network apex-autonomous_default Created 
 Container apex-autonomous-clickhouse Creating 
 Container apex-autonomous-minio Creating 
 Container apex-autonomous-minio Created 
 Container apex-autonomous-minio-init Creating 
 Container apex-autonomous-clickhouse Created 
 Container apex-autonomous-minio-init Created 
 Container apex-autonomous-spark-master Creating 
 Container apex-autonomous-spark-master Created 
 Container apex-autonomous-spark-worker Creating 
 Container apex-autonomous-spark-worker Created 
 Container apex-autonomous-clickhouse Starting 
 Container apex-autonomous-minio Starting 
 Container apex-autonomous-minio Started 
 Container apex-autonomous-minio Waiting 
 Container apex-autonomous-clickhouse Started 
 Container apex-autonomous-minio Healthy 
 Container apex-autonomous-minio-init Starting 
 Container apex-autonomous-minio-init Started 
 Container apex-autonomous-minio-init Waiting 
 Container apex-autonomous-minio-init Exited 
 Container apex-autonomous-spark-master Starting 
 Container apex-autonomous-spark-master Started 
 Container apex-autonomous-spark-worker Starting 
 Container apex-autonomous-spark-worker Started 
