WARNING: Using incubator modules: jdk.incubator.vector
26/07/12 05:34:03 INFO SparkContext: Running Spark version 4.1.2
26/07/12 05:34:03 INFO SparkContext: OS info Linux, 6.18.33.2-microsoft-standard-WSL2, amd64
26/07/12 05:34:03 INFO SparkContext: Java version 17.0.19+10
26/07/12 05:34:04 WARN NativeCodeLoader: Unable to load native-hadoop library for your platform... using builtin-java classes where applicable
26/07/12 05:34:04 INFO ResourceUtils: ==============================================================
26/07/12 05:34:04 INFO ResourceUtils: No custom resources configured for spark.driver.
26/07/12 05:34:04 INFO ResourceUtils: ==============================================================
26/07/12 05:34:04 INFO SparkContext: Submitted application: skew_on_join_30x
26/07/12 05:34:05 INFO SecurityManager: Changing view acls to: spark
26/07/12 05:34:05 INFO SecurityManager: Changing modify acls to: spark
26/07/12 05:34:05 INFO SecurityManager: Changing view acls groups to: spark
26/07/12 05:34:05 INFO SecurityManager: Changing modify acls groups to: spark
26/07/12 05:34:05 INFO SecurityManager: SecurityManager: authentication disabled; ui acls disabled; users with view permissions: spark groups with view permissions: EMPTY; users with modify permissions: spark; groups with modify permissions: EMPTY; RPC SSL disabled
26/07/12 05:34:07 INFO Utils: Successfully started service 'sparkDriver' on port 38103.
26/07/12 05:34:07 INFO SparkEnv: Registering MapOutputTracker
26/07/12 05:34:08 INFO SparkEnv: Registering BlockManagerMaster
26/07/12 05:34:08 INFO BlockManagerMasterEndpoint: Using org.apache.spark.storage.DefaultTopologyMapper for getting topology information
26/07/12 05:34:08 INFO BlockManagerMasterEndpoint: BlockManagerMasterEndpoint up
26/07/12 05:34:08 INFO SparkEnv: Registering BlockManagerMasterHeartbeat
26/07/12 05:34:08 INFO DiskBlockManager: Created local directory at /tmp/blockmgr-182bb247-bf34-4624-9c99-824704edc4c8
26/07/12 05:34:08 INFO SparkEnv: Registering OutputCommitCoordinator
26/07/12 05:34:09 INFO JettyUtils: Start Jetty 0.0.0.0:4040 for SparkUI
26/07/12 05:34:09 INFO Server: jetty-11.0.26; built: 2025-08-14T18:03:14.457Z; git: 7559873b6e46eea7c2c6da2b58327ea2ecf941f4; jvm 17.0.19+10
26/07/12 05:34:10 INFO Server: Started Server@374c830e{STARTING}[11.0.26,sto=30000] @31603ms
26/07/12 05:34:10 INFO AbstractConnector: Started ServerConnector@629101a1{HTTP/1.1, (http/1.1)}{0.0.0.0:4040}
26/07/12 05:34:10 INFO Utils: Successfully started service 'SparkUI' on port 4040.
26/07/12 05:34:10 INFO ContextHandler: Started o.s.j.s.ServletContextHandler@4f37a20a{/,null,AVAILABLE,@Spark}
26/07/12 05:34:10 INFO ResourceProfile: Default ResourceProfile created, executor resources: Map(memory -> name: memory, amount: 1024, script: , vendor: , offHeap -> name: offHeap, amount: 0, script: , vendor: ), task resources: Map(cpus -> name: cpus, amount: 1.0)
26/07/12 05:34:10 INFO ResourceProfile: Limiting resource is cpu
26/07/12 05:34:10 INFO ResourceProfileManager: Added ResourceProfile id: 0
26/07/12 05:34:11 INFO SecurityManager: Changing view acls to: spark
26/07/12 05:34:11 INFO SecurityManager: Changing modify acls to: spark
26/07/12 05:34:11 INFO SecurityManager: Changing view acls groups to: spark
26/07/12 05:34:11 INFO SecurityManager: Changing modify acls groups to: spark
26/07/12 05:34:11 INFO SecurityManager: SecurityManager: authentication disabled; ui acls disabled; users with view permissions: spark groups with view permissions: EMPTY; users with modify permissions: spark; groups with modify permissions: EMPTY; RPC SSL disabled
26/07/12 05:34:12 INFO StandaloneAppClient$ClientEndpoint: Connecting to master spark://spark-master:7077...
26/07/12 05:34:13 INFO TransportClientFactory: Successfully created connection to spark-master/172.18.0.4:7077 after 424 ms (0 ms spent in bootstraps)
26/07/12 05:34:14 INFO StandaloneSchedulerBackend: Connected to Spark cluster with app ID app-20260712053414-0001
26/07/12 05:34:14 INFO StandaloneAppClient$ClientEndpoint: Executor added: app-20260712053414-0001/0 on worker-20260712045009-172.18.0.5-39199 (172.18.0.5:39199) with 8 core(s)
26/07/12 05:34:14 INFO StandaloneSchedulerBackend: Granted executor ID app-20260712053414-0001/0 on hostPort 172.18.0.5:39199 with 8 core(s), 1024.0 MiB RAM
26/07/12 05:34:14 INFO Utils: Successfully started service 'org.apache.spark.network.netty.NettyBlockTransferService' on port 38433.
26/07/12 05:34:14 INFO NettyBlockTransferService: Server created on fb58b5d21f32:38433
26/07/12 05:34:14 INFO BlockManager: Using org.apache.spark.storage.RandomBlockReplicationPolicy for block replication policy
26/07/12 05:34:14 INFO BlockManagerMaster: Registering BlockManager BlockManagerId(driver, fb58b5d21f32, 38433, None)
26/07/12 05:34:15 INFO BlockManagerMasterEndpoint: Registering block manager fb58b5d21f32:38433 with 434.4 MiB RAM, BlockManagerId(driver, fb58b5d21f32, 38433, None)
26/07/12 05:34:15 INFO BlockManagerMaster: Registered BlockManager BlockManagerId(driver, fb58b5d21f32, 38433, None)
26/07/12 05:34:15 INFO BlockManager: Initialized BlockManager: BlockManagerId(driver, fb58b5d21f32, 38433, None)
26/07/12 05:34:16 INFO StandaloneAppClient$ClientEndpoint: Executor updated: app-20260712053414-0001/0 is now RUNNING
SLF4J: Failed to load class "org.slf4j.impl.StaticLoggerBinder".
SLF4J: Defaulting to no-operation (NOP) logger implementation
SLF4J: See http://www.slf4j.org/codes.html#StaticLoggerBinder for further details.
26/07/12 05:34:48 INFO RollingEventLogFilesWriter: Logging events to s3a://spark-logs/events/eventlog_v2_app-20260712053414-0001/events_1_app-20260712053414-0001.zstd
26/07/12 05:34:49 INFO StandaloneSchedulerBackend$StandaloneDriverEndpoint: Registered executor NettyRpcEndpointRef(spark-client://Executor) (172.18.0.5:38184) with ID 0, ResourceProfileId 0
26/07/12 05:34:50 INFO ContextHandler: Stopped o.s.j.s.ServletContextHandler@4f37a20a{/,null,STOPPED,@Spark}
26/07/12 05:34:50 INFO ContextHandler: Started o.s.j.s.ServletContextHandler@5f2c7b4e{/jobs,null,AVAILABLE,@Spark}
26/07/12 05:34:50 INFO ContextHandler: Started o.s.j.s.ServletContextHandler@69790eb2{/jobs/json,null,AVAILABLE,@Spark}
26/07/12 05:34:51 INFO ContextHandler: Started o.s.j.s.ServletContextHandler@3485c04e{/jobs/job,null,AVAILABLE,@Spark}
26/07/12 05:34:51 INFO ContextHandler: Started o.s.j.s.ServletContextHandler@5f4c173b{/jobs/job/json,null,AVAILABLE,@Spark}
26/07/12 05:34:51 INFO ContextHandler: Started o.s.j.s.ServletContextHandler@12286c85{/stages,null,AVAILABLE,@Spark}
26/07/12 05:34:51 INFO ContextHandler: Started o.s.j.s.ServletContextHandler@57b7697e{/stages/json,null,AVAILABLE,@Spark}
26/07/12 05:34:51 INFO ContextHandler: Started o.s.j.s.ServletContextHandler@7362e6f8{/stages/stage,null,AVAILABLE,@Spark}
26/07/12 05:34:51 INFO ContextHandler: Started o.s.j.s.ServletContextHandler@1c1447ed{/stages/stage/json,null,AVAILABLE,@Spark}
26/07/12 05:34:51 INFO ContextHandler: Started o.s.j.s.ServletContextHandler@5d574f4e{/stages/pool,null,AVAILABLE,@Spark}
26/07/12 05:34:51 INFO ContextHandler: Started o.s.j.s.ServletContextHandler@75006c1d{/stages/pool/json,null,AVAILABLE,@Spark}
26/07/12 05:34:51 INFO ContextHandler: Started o.s.j.s.ServletContextHandler@1a791f9d{/stages/taskThreadDump,null,AVAILABLE,@Spark}
26/07/12 05:34:51 INFO ContextHandler: Started o.s.j.s.ServletContextHandler@c17f63f{/stages/taskThreadDump/json,null,AVAILABLE,@Spark}
26/07/12 05:34:51 INFO ContextHandler: Started o.s.j.s.ServletContextHandler@3b046be5{/storage,null,AVAILABLE,@Spark}
26/07/12 05:34:51 INFO ContextHandler: Started o.s.j.s.ServletContextHandler@7a0d8edc{/storage/json,null,AVAILABLE,@Spark}
26/07/12 05:34:51 INFO ContextHandler: Started o.s.j.s.ServletContextHandler@13c94243{/storage/rdd,null,AVAILABLE,@Spark}
26/07/12 05:34:51 INFO ContextHandler: Started o.s.j.s.ServletContextHandler@d4aff6d{/storage/rdd/json,null,AVAILABLE,@Spark}
26/07/12 05:34:51 INFO ContextHandler: Started o.s.j.s.ServletContextHandler@d47582a{/environment,null,AVAILABLE,@Spark}
26/07/12 05:34:51 INFO ContextHandler: Started o.s.j.s.ServletContextHandler@7362a1c3{/environment/json,null,AVAILABLE,@Spark}
26/07/12 05:34:51 INFO ContextHandler: Started o.s.j.s.ServletContextHandler@3ef1f305{/executors,null,AVAILABLE,@Spark}
26/07/12 05:34:51 INFO ContextHandler: Started o.s.j.s.ServletContextHandler@3d07718a{/executors/json,null,AVAILABLE,@Spark}
26/07/12 05:34:51 INFO ContextHandler: Started o.s.j.s.ServletContextHandler@6f5e69a{/executors/threadDump,null,AVAILABLE,@Spark}
26/07/12 05:34:51 INFO ContextHandler: Started o.s.j.s.ServletContextHandler@363f1ccf{/executors/threadDump/json,null,AVAILABLE,@Spark}
26/07/12 05:34:51 INFO ContextHandler: Started o.s.j.s.ServletContextHandler@42320224{/executors/heapHistogram,null,AVAILABLE,@Spark}
26/07/12 05:34:51 INFO ContextHandler: Started o.s.j.s.ServletContextHandler@29313aff{/executors/heapHistogram/json,null,AVAILABLE,@Spark}
26/07/12 05:34:51 INFO ContextHandler: Started o.s.j.s.ServletContextHandler@476151fe{/static,null,AVAILABLE,@Spark}
26/07/12 05:34:51 INFO ContextHandler: Started o.s.j.s.ServletContextHandler@13b1d081{/,null,AVAILABLE,@Spark}
26/07/12 05:34:51 INFO ContextHandler: Started o.s.j.s.ServletContextHandler@142cd8df{/api,null,AVAILABLE,@Spark}
26/07/12 05:34:52 INFO ContextHandler: Started o.s.j.s.ServletContextHandler@4dbbf3e2{/metrics,null,AVAILABLE,@Spark}
26/07/12 05:34:52 INFO ContextHandler: Started o.s.j.s.ServletContextHandler@34842d82{/jobs/job/kill,null,AVAILABLE,@Spark}
26/07/12 05:34:52 INFO ContextHandler: Started o.s.j.s.ServletContextHandler@3aa8bc28{/stages/stage/kill,null,AVAILABLE,@Spark}
26/07/12 05:34:52 INFO ContextHandler: Started o.s.j.s.ServletContextHandler@42fe2094{/metrics/json,null,AVAILABLE,@Spark}
26/07/12 05:34:52 INFO StandaloneSchedulerBackend: SchedulerBackend is ready for scheduling beginning after reached minRegisteredResourcesRatio: 0.0
26/07/12 05:34:52 INFO BlockManagerMasterEndpoint: Registering block manager 172.18.0.5:46433 with 434.4 MiB RAM, BlockManagerId(0, 172.18.0.5, 46433, None)
26/07/12 05:35:14 INFO SharedState: Setting hive.metastore.warehouse.dir ('null') to the value of spark.sql.warehouse.dir.
26/07/12 05:35:14 INFO SharedState: Warehouse path is 'file:/opt/spark/work-dir/spark-warehouse'.
26/07/12 05:35:14 INFO ContextHandler: Started o.s.j.s.ServletContextHandler@40992913{/SQL,null,AVAILABLE,@Spark}
26/07/12 05:35:14 INFO ContextHandler: Started o.s.j.s.ServletContextHandler@7b9630aa{/SQL/json,null,AVAILABLE,@Spark}
26/07/12 05:35:14 INFO ContextHandler: Started o.s.j.s.ServletContextHandler@5c078584{/SQL/execution,null,AVAILABLE,@Spark}
26/07/12 05:35:14 INFO ContextHandler: Started o.s.j.s.ServletContextHandler@3cdb0859{/SQL/execution/json,null,AVAILABLE,@Spark}
26/07/12 05:35:14 INFO ContextHandler: Started o.s.j.s.ServletContextHandler@55eeeb7a{/static/sql,null,AVAILABLE,@Spark}
26/07/12 05:35:35 INFO AsyncEventQueue: Process of event SparkListenerSQLExecutionStart(0,Some(0),parquet at NativeMethodAccessorImpl.java:0,org.apache.spark.sql.DataFrameWriter.parquet(DataFrameWriter.scala:369)
java.base/jdk.internal.reflect.NativeMethodAccessorImpl.invoke0(Native Method)
java.base/jdk.internal.reflect.NativeMethodAccessorImpl.invoke(NativeMethodAccessorImpl.java:77)
java.base/jdk.internal.reflect.DelegatingMethodAccessorImpl.invoke(DelegatingMethodAccessorImpl.java:43)
java.base/java.lang.reflect.Method.invoke(Method.java:569)
py4j.reflection.MethodInvoker.invoke(MethodInvoker.java:244)
py4j.reflection.ReflectionEngine.invoke(ReflectionEngine.java:374)
py4j.Gateway.invoke(Gateway.java:282)
py4j.commands.AbstractCommand.invokeMethod(AbstractCommand.java:132)
py4j.commands.CallCommand.execute(CallCommand.java:79)
py4j.ClientServerConnection.waitForCommands(ClientServerConnection.java:184)
py4j.ClientServerConnection.run(ClientServerConnection.java:108)
java.base/java.lang.Thread.run(Thread.java:840),== Physical Plan ==
Execute InsertIntoHadoopFsRelationCommand (14)
+- WriteFiles (13)
   +- * Project (12)
      +- * SortMergeJoin Inner (11)
         :- * Sort (6)
         :  +- Exchange (5)
         :     +- * Filter (4)
         :        +- * Project (3)
         :           +- * Project (2)
         :              +- * Range (1)
         +- * Sort (10)
            +- Exchange (9)
               +- * Project (8)
                  +- * Range (7)


(1) Range [codegen id : 1]
Output [1]: [id#0L]
Arguments: Range (0, 200000, step=1, splits=Some(8))

(2) Project [codegen id : 1]
Output [2]: [cast((rand(42) * 100.0) as int) AS customer_id#1, id#0L AS order_id#2L]
Input [1]: [id#0L]

(3) Project [codegen id : 1]
Output [2]: [CASE WHEN (rand(13) < 0.8) THEN 7 ELSE customer_id#1 END AS customer_id#3, order_id#2L]
Input [2]: [customer_id#1, order_id#2L]

(4) Filter [codegen id : 1]
Input [2]: [customer_id#3, order_id#2L]
Condition : isnotnull(customer_id#3)

(5) Exchange
Input [2]: [customer_id#3, order_id#2L]
Arguments: hashpartitioning(cast(customer_id#3 as bigint), 8), ENSURE_REQUIREMENTS, [plan_id=49]

(6) Sort [codegen id : 2]
Input [2]: [customer_id#3, order_id#2L]
Arguments: [cast(customer_id#3 as bigint) ASC NULLS FIRST], false, 0

(7) Range [codegen id : 3]
Output [1]: [id#4L]
Arguments: Range (0, 100, step=1, splits=Some(8))

(8) Project [codegen id : 3]
Output [2]: [id#4L AS customer_id#5L, id#4L AS customer_name#6L]
Input [1]: [id#4L]

(9) Exchange
Input [2]: [customer_id#5L, customer_name#6L]
Arguments: hashpartitioning(customer_id#5L, 8), ENSURE_REQUIREMENTS, [plan_id=55]

(10) Sort [codegen id : 4]
Input [2]: [customer_id#5L, customer_name#6L]
Arguments: [customer_id#5L ASC NULLS FIRST], false, 0

(11) SortMergeJoin [codegen id : 5]
Left keys [1]: [cast(customer_id#3 as bigint)]
Right keys [1]: [customer_id#5L]
Join type: Inner
Join condition: None

(12) Project [codegen id : 5]
Output [3]: [customer_id#3, order_id#2L, customer_name#6L]
Input [4]: [customer_id#3, order_id#2L, customer_id#5L, customer_name#6L]

(13) WriteFiles
Input [3]: [customer_id#3, order_id#2L, customer_name#6L]

(14) Execute InsertIntoHadoopFsRelationCommand
Input: []
Arguments: file:/tmp/apex_output, false, Parquet, [path=/tmp/apex_output], Overwrite, [customer_id, order_id, customer_name]

,org.apache.spark.sql.execution.SparkPlanInfo@c238791b,1783834528088,Map(),Set(spark-session-9c6a71af-c9c0-4edf-a49e-a80603c5b8c8-execution-root-id-0, spark-session-9c6a71af-c9c0-4edf-a49e-a80603c5b8c8),None) bylistener EventLoggingListener took 1006.986586ms.
26/07/12 05:35:36 INFO ParquetUtils: Using default output committer for Parquet: org.apache.parquet.hadoop.ParquetOutputCommitter
26/07/12 05:35:36 INFO FileOutputCommitter: File Output Committer Algorithm version is 1
26/07/12 05:35:36 INFO FileOutputCommitter: FileOutputCommitter skip cleanup _temporary folders under output directory:false, ignore cleanup failures: false
26/07/12 05:35:36 INFO SQLHadoopMapReduceCommitProtocol: Using user defined output committer class org.apache.parquet.hadoop.ParquetOutputCommitter
26/07/12 05:35:36 INFO FileOutputCommitter: File Output Committer Algorithm version is 1
26/07/12 05:35:36 INFO FileOutputCommitter: FileOutputCommitter skip cleanup _temporary folders under output directory:false, ignore cleanup failures: false
26/07/12 05:35:36 INFO SQLHadoopMapReduceCommitProtocol: Using output committer class org.apache.parquet.hadoop.ParquetOutputCommitter
26/07/12 05:35:40 INFO CodeGenerator: Code generated in 2013.694318 ms
26/07/12 05:35:41 INFO CodeGenerator: Code generated in 148.123317 ms
26/07/12 05:35:41 INFO CodeGenerator: Code generated in 346.778801 ms
26/07/12 05:35:44 INFO CodeGenerator: Code generated in 289.668686 ms
26/07/12 05:35:44 INFO CodeGenerator: Code generated in 161.660433 ms
26/07/12 05:35:44 INFO SparkContext: Starting job: parquet at NativeMethodAccessorImpl.java:0
26/07/12 05:35:44 INFO DAGScheduler: Registering RDD 9 (parquet at NativeMethodAccessorImpl.java:0) as input to shuffle 1
26/07/12 05:35:44 INFO DAGScheduler: Registering RDD 3 (parquet at NativeMethodAccessorImpl.java:0) as input to shuffle 0
26/07/12 05:35:44 INFO DAGScheduler: Got job 0 (parquet at NativeMethodAccessorImpl.java:0) with 8 output partitions
26/07/12 05:35:45 INFO DAGScheduler: Final stage: ResultStage 2 (parquet at NativeMethodAccessorImpl.java:0)
26/07/12 05:35:45 INFO DAGScheduler: Parents of final stage: List(ShuffleMapStage 0, ShuffleMapStage 1)
26/07/12 05:35:45 INFO DAGScheduler: Missing parents: List(ShuffleMapStage 0, ShuffleMapStage 1)
26/07/12 05:35:45 INFO DAGScheduler: Missing parents found for ResultStage 2: List(ShuffleMapStage 0, ShuffleMapStage 1)
26/07/12 05:35:45 INFO DAGScheduler: Missing parents found for ShuffleMapStage 0: List()
26/07/12 05:35:45 INFO DAGScheduler: Submitting ShuffleMapStage 0 (MapPartitionsRDD[9] at parquet at NativeMethodAccessorImpl.java:0), which has no missing parents
26/07/12 05:35:45 INFO MemoryStore: MemoryStore started with capacity 434.4 MiB
26/07/12 05:35:45 INFO MemoryStore: Block broadcast_0 stored as values in memory (estimated size 14.6 KiB, free 434.4 MiB)
26/07/12 05:35:46 INFO MemoryStore: Block broadcast_0_piece0 stored as bytes in memory (estimated size 6.9 KiB, free 434.4 MiB)
26/07/12 05:35:46 INFO SparkContext: Created broadcast 0 from broadcast at DAGScheduler.scala:1686
26/07/12 05:35:46 INFO DAGScheduler: Submitting 8 missing tasks from ShuffleMapStage 0 (MapPartitionsRDD[9] at parquet at NativeMethodAccessorImpl.java:0) (first 15 tasks are for partitions Vector(0, 1, 2, 3, 4, 5, 6, 7))
26/07/12 05:35:46 INFO TaskSchedulerImpl: Adding task set 0.0 with 8 tasks resource profile 0
26/07/12 05:35:46 INFO DAGScheduler: Missing parents found for ShuffleMapStage 1: List()
26/07/12 05:35:46 INFO DAGScheduler: Submitting ShuffleMapStage 1 (MapPartitionsRDD[3] at parquet at NativeMethodAccessorImpl.java:0), which has no missing parents
26/07/12 05:35:46 INFO MemoryStore: Block broadcast_1 stored as values in memory (estimated size 18.4 KiB, free 434.4 MiB)
26/07/12 05:35:46 INFO MemoryStore: Block broadcast_1_piece0 stored as bytes in memory (estimated size 8.6 KiB, free 434.4 MiB)
26/07/12 05:35:46 INFO SparkContext: Created broadcast 1 from broadcast at DAGScheduler.scala:1686
26/07/12 05:35:46 INFO DAGScheduler: Submitting 8 missing tasks from ShuffleMapStage 1 (MapPartitionsRDD[3] at parquet at NativeMethodAccessorImpl.java:0) (first 15 tasks are for partitions Vector(0, 1, 2, 3, 4, 5, 6, 7))
26/07/12 05:35:46 INFO TaskSchedulerImpl: Adding task set 1.0 with 8 tasks resource profile 0
26/07/12 05:35:46 INFO TaskSetManager: Starting task 0.0 in stage 0.0 (TID 0) (172.18.0.5,executor 0, partition 0, PROCESS_LOCAL, 9759 bytes) 
26/07/12 05:35:46 INFO TaskSetManager: Starting task 1.0 in stage 0.0 (TID 1) (172.18.0.5,executor 0, partition 1, PROCESS_LOCAL, 9759 bytes) 
26/07/12 05:35:46 INFO TaskSetManager: Starting task 2.0 in stage 0.0 (TID 2) (172.18.0.5,executor 0, partition 2, PROCESS_LOCAL, 9759 bytes) 
26/07/12 05:35:46 INFO TaskSetManager: Starting task 3.0 in stage 0.0 (TID 3) (172.18.0.5,executor 0, partition 3, PROCESS_LOCAL, 9759 bytes) 
26/07/12 05:35:46 INFO TaskSetManager: Starting task 4.0 in stage 0.0 (TID 4) (172.18.0.5,executor 0, partition 4, PROCESS_LOCAL, 9759 bytes) 
26/07/12 05:35:46 INFO TaskSetManager: Starting task 5.0 in stage 0.0 (TID 5) (172.18.0.5,executor 0, partition 5, PROCESS_LOCAL, 9759 bytes) 
26/07/12 05:35:46 INFO TaskSetManager: Starting task 6.0 in stage 0.0 (TID 6) (172.18.0.5,executor 0, partition 6, PROCESS_LOCAL, 9759 bytes) 
26/07/12 05:35:46 INFO TaskSetManager: Starting task 7.0 in stage 0.0 (TID 7) (172.18.0.5,executor 0, partition 7, PROCESS_LOCAL, 9759 bytes) 
26/07/12 05:36:00 INFO TaskSetManager: Starting task 0.0 in stage 1.0 (TID 8) (172.18.0.5,executor 0, partition 0, PROCESS_LOCAL, 9759 bytes) 
26/07/12 05:36:00 INFO TaskSetManager: Starting task 1.0 in stage 1.0 (TID 9) (172.18.0.5,executor 0, partition 1, PROCESS_LOCAL, 9759 bytes) 
26/07/12 05:36:00 INFO TaskSetManager: Starting task 2.0 in stage 1.0 (TID 10) (172.18.0.5,executor 0, partition 2, PROCESS_LOCAL, 9759 bytes) 
26/07/12 05:36:00 INFO TaskSetManager: Starting task 3.0 in stage 1.0 (TID 11) (172.18.0.5,executor 0, partition 3, PROCESS_LOCAL, 9759 bytes) 
26/07/12 05:36:00 INFO TaskSetManager: Starting task 4.0 in stage 1.0 (TID 12) (172.18.0.5,executor 0, partition 4, PROCESS_LOCAL, 9759 bytes) 
26/07/12 05:36:00 INFO TaskSetManager: Starting task 5.0 in stage 1.0 (TID 13) (172.18.0.5,executor 0, partition 5, PROCESS_LOCAL, 9759 bytes) 
26/07/12 05:36:00 INFO TaskSetManager: Starting task 6.0 in stage 1.0 (TID 14) (172.18.0.5,executor 0, partition 6, PROCESS_LOCAL, 9759 bytes) 
26/07/12 05:36:00 INFO TaskSetManager: Starting task 7.0 in stage 1.0 (TID 15) (172.18.0.5,executor 0, partition 7, PROCESS_LOCAL, 9759 bytes) 
26/07/12 05:36:00 INFO TaskSetManager: Finished task 7.0 in stage 0.0 (TID 7) in 13859 ms on 172.18.0.5 (executor 0) (1/8)
26/07/12 05:36:00 INFO TaskSetManager: Finished task 3.0 in stage 0.0 (TID 3) in 13982 ms on 172.18.0.5 (executor 0) (2/8)
26/07/12 05:36:00 INFO TaskSetManager: Finished task 2.0 in stage 0.0 (TID 2) in 14018 ms on 172.18.0.5 (executor 0) (3/8)
26/07/12 05:36:00 INFO TaskSetManager: Finished task 1.0 in stage 0.0 (TID 1) in 14033 ms on 172.18.0.5 (executor 0) (4/8)
26/07/12 05:36:00 INFO TaskSetManager: Finished task 5.0 in stage 0.0 (TID 5) in 14031 ms on 172.18.0.5 (executor 0) (5/8)
26/07/12 05:36:00 INFO TaskSetManager: Finished task 6.0 in stage 0.0 (TID 6) in 14057 ms on 172.18.0.5 (executor 0) (6/8)
26/07/12 05:36:00 INFO TaskSetManager: Finished task 4.0 in stage 0.0 (TID 4) in 14093 ms on 172.18.0.5 (executor 0) (7/8)
26/07/12 05:36:00 INFO TaskSetManager: Finished task 0.0 in stage 0.0 (TID 0) in 14280 ms on 172.18.0.5 (executor 0) (8/8)
26/07/12 05:36:00 INFO TaskSchedulerImpl: Removed TaskSet 0.0 whose tasks have all completed, from pool 
26/07/12 05:36:01 INFO DAGScheduler: ShuffleMapStage 0 (parquet at NativeMethodAccessorImpl.java:0) finished in 16174 ms
26/07/12 05:36:01 INFO DAGScheduler: looking for newly runnable stages
26/07/12 05:36:01 INFO DAGScheduler: running: HashSet(ShuffleMapStage 1)
26/07/12 05:36:01 INFO DAGScheduler: waiting: HashSet(ResultStage 2)
26/07/12 05:36:01 INFO DAGScheduler: failed: HashSet()
26/07/12 05:36:01 INFO DAGScheduler: Missing parents found for ResultStage 2: List(ShuffleMapStage 1)
26/07/12 05:36:02 INFO TaskSetManager: Finished task 1.0 in stage 1.0 (TID 9) in 2316 ms on 172.18.0.5 (executor 0) (1/8)
26/07/12 05:36:02 INFO TaskSetManager: Finished task 7.0 in stage 1.0 (TID 15) in 2168 ms on 172.18.0.5 (executor 0) (2/8)
26/07/12 05:36:03 INFO TaskSetManager: Finished task 2.0 in stage 1.0 (TID 10) in 2529 ms on 172.18.0.5 (executor 0) (3/8)
26/07/12 05:36:03 INFO TaskSetManager: Finished task 4.0 in stage 1.0 (TID 12) in 2528 ms on 172.18.0.5 (executor 0) (4/8)
26/07/12 05:36:03 INFO TaskSetManager: Finished task 6.0 in stage 1.0 (TID 14) in 2498 ms on 172.18.0.5 (executor 0) (5/8)
26/07/12 05:36:03 INFO TaskSetManager: Finished task 3.0 in stage 1.0 (TID 11) in 2737 ms on 172.18.0.5 (executor 0) (6/8)
26/07/12 05:36:03 INFO TaskSetManager: Finished task 0.0 in stage 1.0 (TID 8) in 2942 ms on 172.18.0.5 (executor 0) (7/8)
26/07/12 05:36:03 INFO TaskSetManager: Finished task 5.0 in stage 1.0 (TID 13) in 2768 ms on 172.18.0.5 (executor 0) (8/8)
26/07/12 05:36:03 INFO TaskSchedulerImpl: Removed TaskSet 1.0 whose tasks have all completed, from pool 
26/07/12 05:36:03 INFO DAGScheduler: ShuffleMapStage 1 (parquet at NativeMethodAccessorImpl.java:0) finished in 16755 ms
26/07/12 05:36:03 INFO DAGScheduler: looking for newly runnable stages
26/07/12 05:36:03 INFO DAGScheduler: running: HashSet()
26/07/12 05:36:03 INFO DAGScheduler: waiting: HashSet(ResultStage 2)
26/07/12 05:36:03 INFO DAGScheduler: failed: HashSet()
26/07/12 05:36:03 INFO DAGScheduler: Missing parents found for ResultStage 2: List()
26/07/12 05:36:03 INFO DAGScheduler: Submitting ResultStage 2 (MapPartitionsRDD[14] at parquet at NativeMethodAccessorImpl.java:0), which has no missing parents
26/07/12 05:36:04 INFO MemoryStore: Block broadcast_2 stored as values in memory (estimated size 268.5 KiB, free 434.1 MiB)
26/07/12 05:36:04 INFO MemoryStore: Block broadcast_2_piece0 stored as bytes in memory (estimated size 98.8 KiB, free 434.0 MiB)
26/07/12 05:36:04 INFO SparkContext: Created broadcast 2 from broadcast at DAGScheduler.scala:1686
26/07/12 05:36:04 INFO DAGScheduler: Submitting 8 missing tasks from ResultStage 2 (MapPartitionsRDD[14] at parquet at NativeMethodAccessorImpl.java:0) (first 15 tasks are for partitions Vector(0, 1, 2, 3, 4, 5, 6, 7))
26/07/12 05:36:04 INFO TaskSchedulerImpl: Adding task set 2.0 with 8 tasks resource profile 0
26/07/12 05:36:04 INFO TaskSetManager: Starting task 0.0 in stage 2.0 (TID 16) (172.18.0.5,executor 0, partition 0, NODE_LOCAL, 10133 bytes) 
26/07/12 05:36:04 INFO TaskSetManager: Starting task 1.0 in stage 2.0 (TID 17) (172.18.0.5,executor 0, partition 1, NODE_LOCAL, 10133 bytes) 
26/07/12 05:36:04 INFO TaskSetManager: Starting task 2.0 in stage 2.0 (TID 18) (172.18.0.5,executor 0, partition 2, NODE_LOCAL, 10133 bytes) 
26/07/12 05:36:04 INFO TaskSetManager: Starting task 3.0 in stage 2.0 (TID 19) (172.18.0.5,executor 0, partition 3, NODE_LOCAL, 10133 bytes) 
26/07/12 05:36:04 INFO TaskSetManager: Starting task 4.0 in stage 2.0 (TID 20) (172.18.0.5,executor 0, partition 4, NODE_LOCAL, 10133 bytes) 
26/07/12 05:36:04 INFO TaskSetManager: Starting task 5.0 in stage 2.0 (TID 21) (172.18.0.5,executor 0, partition 5, NODE_LOCAL, 10133 bytes) 
26/07/12 05:36:04 INFO TaskSetManager: Starting task 6.0 in stage 2.0 (TID 22) (172.18.0.5,executor 0, partition 6, NODE_LOCAL, 10133 bytes) 
26/07/12 05:36:04 INFO TaskSetManager: Starting task 7.0 in stage 2.0 (TID 23) (172.18.0.5,executor 0, partition 7, NODE_LOCAL, 10133 bytes) 
26/07/12 05:36:10 INFO MapOutputTrackerMasterEndpoint: Asked to send map output locations for shuffle 0 to 172.18.0.5:38184
26/07/12 05:36:13 INFO MapOutputTrackerMasterEndpoint: Asked to send map output locations for shuffle 1 to 172.18.0.5:38184
26/07/12 05:36:30 INFO TaskSetManager: Finished task 5.0 in stage 2.0 (TID 21) in 25801 ms on 172.18.0.5 (executor 0) (1/8)
26/07/12 05:36:30 INFO TaskSetManager: Finished task 4.0 in stage 2.0 (TID 20) in 25837 ms on 172.18.0.5 (executor 0) (2/8)
26/07/12 05:36:30 INFO TaskSetManager: Finished task 2.0 in stage 2.0 (TID 18) in 25886 ms on 172.18.0.5 (executor 0) (3/8)
26/07/12 05:36:30 INFO TaskSetManager: Finished task 0.0 in stage 2.0 (TID 16) in 26007 ms on 172.18.0.5 (executor 0) (4/8)
26/07/12 05:36:30 INFO TaskSetManager: Finished task 1.0 in stage 2.0 (TID 17) in 25907 ms on 172.18.0.5 (executor 0) (5/8)
26/07/12 05:36:30 INFO TaskSetManager: Finished task 3.0 in stage 2.0 (TID 19) in 25905 ms on 172.18.0.5 (executor 0) (6/8)
26/07/12 05:36:30 INFO TaskSetManager: Finished task 6.0 in stage 2.0 (TID 22) in 25836 ms on 172.18.0.5 (executor 0) (7/8)
26/07/12 05:36:30 INFO TaskSetManager: Finished task 7.0 in stage 2.0 (TID 23) in 25809 ms on 172.18.0.5 (executor 0) (8/8)
26/07/12 05:36:30 INFO TaskSchedulerImpl: Removed TaskSet 2.0 whose tasks have all completed, from pool 
26/07/12 05:36:30 INFO DAGScheduler: ResultStage 2 (parquet at NativeMethodAccessorImpl.java:0) finished in 27146 ms
26/07/12 05:36:30 INFO DAGScheduler: Job 0 is finished. Cancelling potential speculative or zombie tasks for this job
26/07/12 05:36:30 INFO TaskSchedulerImpl: Canceling stage 2
26/07/12 05:36:30 INFO TaskSchedulerImpl: Killing all running tasks in stage 2: Stage finished
26/07/12 05:36:30 INFO DAGScheduler: Job 0 finished: parquet at NativeMethodAccessorImpl.java:0, took 46107.402267 ms
26/07/12 05:36:30 INFO FileFormatWriter: Start to commit write Job a3f618c7-6a22-4ddf-94af-badd5026d253.
26/07/12 05:36:31 INFO FileFormatWriter: Write Job a3f618c7-6a22-4ddf-94af-badd5026d253 committed. Elapsed time: 390 ms.
26/07/12 05:36:31 INFO FileFormatWriter: Finished processing stats for write job a3f618c7-6a22-4ddf-94af-badd5026d253.
26/07/12 05:36:31 INFO SparkContext: SparkContext is stopping with exitCode 0 from stop at NativeMethodAccessorImpl.java:0.
26/07/12 05:36:31 INFO Server: Stopped Server@374c830e{STOPPING}[11.0.26,sto=30000]
26/07/12 05:36:31 INFO Server: Shutdown Server@374c830e{STOPPING}[11.0.26,sto=30000]
26/07/12 05:36:31 INFO AbstractConnector: Stopped Spark@629101a1{HTTP/1.1, (http/1.1)}{0.0.0.0:4040}
26/07/12 05:36:31 INFO SparkUI: Stopped Spark web UI at http://fb58b5d21f32:4040
26/07/12 05:36:31 INFO StandaloneSchedulerBackend: Shutting down all executors
26/07/12 05:36:31 INFO StandaloneSchedulerBackend$StandaloneDriverEndpoint: Asking each executor to shut down
26/07/12 05:36:37 INFO MapOutputTrackerMasterEndpoint: MapOutputTrackerMasterEndpoint stopped!
26/07/12 05:36:37 INFO MemoryStore: MemoryStore cleared
26/07/12 05:36:37 INFO BlockManager: BlockManager stopped
26/07/12 05:36:37 INFO BlockManagerMaster: BlockManagerMaster stopped
26/07/12 05:36:37 INFO OutputCommitCoordinator$OutputCommitCoordinatorEndpoint: OutputCommitCoordinator stopped!
26/07/12 05:36:38 INFO SparkContext: Successfully stopped SparkContext (Uptime: 154981 ms)
