 Image apex-autonomous-spark:4.0.0-s3a Building 
#1 [internal] load local bake definitions
#1 reading from stdin 651B 0.4s done
#1 DONE 0.5s

#2 [internal] load build definition from Dockerfile
#2 transferring dockerfile:
#2 transferring dockerfile: 879B 0.3s done
#2 DONE 0.7s

#3 [internal] load metadata for docker.io/apache/spark:4.0.0-scala2.13-java17-python3-ubuntu
#3 ...

#4 [auth] apache/spark:pull token for registry-1.docker.io
#4 DONE 0.0s

#3 [internal] load metadata for docker.io/apache/spark:4.0.0-scala2.13-java17-python3-ubuntu
#3 DONE 2.9s

#5 [internal] load .dockerignore
#5 transferring context: 2B 0.0s done
#5 DONE 0.1s

#6 [internal] load build context
#6 transferring context: 171B 0.1s done
#6 DONE 0.2s

#7 [1/3] FROM docker.io/apache/spark:4.0.0-scala2.13-java17-python3-ubuntu@sha256:a89782d90529a623fc4471cdddb0f9c32d6eed10a81b256a80207b23c3b1df00
#7 resolve docker.io/apache/spark:4.0.0-scala2.13-java17-python3-ubuntu@sha256:a89782d90529a623fc4471cdddb0f9c32d6eed10a81b256a80207b23c3b1df00
#7 resolve docker.io/apache/spark:4.0.0-scala2.13-java17-python3-ubuntu@sha256:a89782d90529a623fc4471cdddb0f9c32d6eed10a81b256a80207b23c3b1df00 0.3s done
#7 CACHED

#8 [2/3] RUN set -eux;     curl -fsSL "https://repo1.maven.org/maven2/org/apache/hadoop/hadoop-aws/3.4.1/hadoop-aws-3.4.1.jar"       -o "/opt/spark/jars/hadoop-aws-3.4.1.jar";     curl -fsSL "https://repo1.maven.org/maven2/software/amazon/awssdk/bundle/2.29.52/bundle-2.29.52.jar"       -o "/opt/spark/jars/aws-sdk-bundle-2.29.52.jar";     chmod 0644 /opt/spark/jars/hadoop-aws-3.4.1.jar /opt/spark/jars/aws-sdk-bundle-2.29.52.jar
#8 3.586 + curl -fsSL https://repo1.maven.org/maven2/org/apache/hadoop/hadoop-aws/3.4.1/hadoop-aws-3.4.1.jar -o /opt/spark/jars/hadoop-aws-3.4.1.jar
#8 5.379 + curl -fsSL https://repo1.maven.org/maven2/software/amazon/awssdk/bundle/2.29.52/bundle-2.29.52.jar -o /opt/spark/jars/aws-sdk-bundle-2.29.52.jar
#8 473.4 + chmod 0644 /opt/spark/jars/hadoop-aws-3.4.1.jar /opt/spark/jars/aws-sdk-bundle-2.29.52.jar
#8 DONE 474.6s

#9 [3/3] COPY docker/autonomous/spark/spark-defaults.conf /opt/spark/conf/spark-defaults.conf
#9 DONE 0.7s

#10 exporting to image
#10 exporting layers
#10 exporting layers 219.4s done
#10 exporting manifest sha256:77aa7b9329941294cc45c30b0b2aa683e822a644e28f6621c4b19450c23a90ef
#10 exporting manifest sha256:77aa7b9329941294cc45c30b0b2aa683e822a644e28f6621c4b19450c23a90ef 0.3s done
#10 exporting config sha256:6d2ad1e72b43b6708690e8b74dbd2a5a4413f05fd141f7a0ccda2e91f64f5848
#10 exporting config sha256:6d2ad1e72b43b6708690e8b74dbd2a5a4413f05fd141f7a0ccda2e91f64f5848 0.3s done
#10 exporting attestation manifest sha256:260630aac1c7d9d3832258b48fd988addc1eb63651b3439e2408af64a9fb1724
#10 exporting attestation manifest sha256:260630aac1c7d9d3832258b48fd988addc1eb63651b3439e2408af64a9fb1724 0.5s done
#10 exporting manifest list sha256:092745b8b85301ecaf664efb196a78ff552c644b3b02079bc7afed304690607b
#10 exporting manifest list sha256:092745b8b85301ecaf664efb196a78ff552c644b3b02079bc7afed304690607b 0.4s done
#10 naming to docker.io/library/apex-autonomous-spark:4.0.0-s3a
#10 naming to docker.io/library/apex-autonomous-spark:4.0.0-s3a 0.1s done
#10 unpacking to docker.io/library/apex-autonomous-spark:4.0.0-s3a
#10 unpacking to docker.io/library/apex-autonomous-spark:4.0.0-s3a 55.3s done
#10 DONE 276.9s

#11 resolving provenance for metadata file
#11 DONE 0.4s
 Image apex-autonomous-spark:4.0.0-s3a Built 
